// Jest Snapshot v1, https://goo.gl/fbAQLP

exports[`matches snapshot 1`] = `
<div
  className="rollex-digit"
  onTransitionEnd={[Function]}
  style={
    Object {
      "MsTransform": "translate3D(0, -9.090909090909092%, 0)",
      "WebkitTransform": "translate3D(0, -9.090909090909092%, 0)",
      "transform": "translate3D(0, -9.090909090909092%, 0)",
      "transitionDuration": "300ms",
      "transitionProperty": "transform",
      "transitionTimingFunction": "ease-in",
      "willChange": "transform",
    }
  }
>
  <div
    className="rollex-digit-lane-label"
  >
    <span>
      0
    </span>
  </div>
  <div
    className="rollex-digit-lane-label"
  >
    <span>
      1
    </span>
  </div>
  <div
    className="rollex-digit-lane-label"
  >
    <span>
      2
    </span>
  </div>
  <div
    className="rollex-digit-lane-label"
  >
    <span>
      3
    </span>
  </div>
  <div
    className="rollex-digit-lane-label"
  >
    <span>
      4
    </span>
  </div>
  <div
    className="rollex-digit-lane-label"
  >
    <span>
      5
    </span>
  </div>
  <div
    className="rollex-digit-lane-label"
  >
    <span>
      6
    </span>
  </div>
  <div
    className="rollex-digit-lane-label"
  >
    <span>
      7
    </span>
  </div>
  <div
    className="rollex-digit-lane-label"
  >
    <span>
      8
    </span>
  </div>
  <div
    className="rollex-digit-lane-label"
  >
    <span>
      9
    </span>
  </div>
  <div
    className="rollex-digit-lane-label"
  >
    <span>
      0
    </span>
  </div>
</div>
`;
